MTC@a3ef794b7243: Test case TC_SM_DP_ES9_AuthenticateClientNIST_06_SMDS_WithMatchingID finished. Verdict: fail reason: Expected success but got error: "8.2.6"/"3.8" - "MatchingID could not be matched"
MTC@a3ef794b7243: Test case TC_SM_DP_ES9_AuthenticateClientNIST_Error_14_UnmatchedEID_DefaultDP finished. Verdict: fail reason: Expected error but got success response
